doc 10282965502d5962f6f1cc80e6b4
poll metadata_ready
ASSIGN 200 {"status":200,"message":"","data":{"resource":"assignment","id":"1028296601fe30d795d18fc20733","sender_email":"thaisriccivaz@gmail.com","method":"virtual","expires_at":null,"message":null,"signers":[{"id":"1023828430cdb2e4a265726e76f3","full_name":"Adf hhh","email":"thata.ricci@hotmail.com","whatsapp_phone_number":"+5511991036644","has_accepted_terms":true,"verification_method":"Email","notification_methods":["Email"]}],"copy_receivers":[],"items":[{"id":"10282966022d2a2357e8420d0df4","page":null,"signer":{"id":"1023828430cdb2e4a265726e76f3","full_name":"Adf hhh","email":"thata.ricci@hotmail.com","whatsapp_phone_number":"+5511991036644","has_accepted_terms":true},"field":{"id":"1023778608c24e6d39813c97710f","name":"Virtual","type":"virtual","regex":null,"is_pre_defined":true,"is_active":true,"is_required":false,"is_standard":false,"is_read_only":false,"is_visible":true},"display_settings":[],"value":null,"completed":false}],"summary":{"signer_count":1,"completed_count":0,"signers":[{"id":"1023828430cdb2e4a265726e76f3","full_name":"Adf hhh","email":"thata.ricci@hotmail.com","whatsapp_phone_number":"+5511991036644","has_accepted_terms":true,"completed":false}]},"signing_urls":[{"signer_id":"1023828430cdb2e4a265726e76f3","url":"https://app.assinafy.com.br/sign/10282965502d5962f6f1cc80e6b4?email=thata.ricci%40hotmail.com"}]}}
